// Jest Snapshot v1, https://goo.gl/fbAQLP

exports[`ProductList component renders without crashing 1`] = `ShallowWrapper {}`;
