// Jest Snapshot v1, https://goo.gl/fbAQLP

exports[`Selection component renders without crashing 1`] = `
"<ContextConsumer>
  [function]
</ContextConsumer>"
`;
