// Jest Snapshot v1, https://goo.gl/fbAQLP

exports[`Header component renders without crashing 1`] = `
"<header>
  <h2>
    All Products
  </h2>
  <div className=\\"displaySelection\\">
    <summary>
      1000 products
    </summary>
    <withRouter(Selection) />
  </div>
</header>"
`;
