// Jest Snapshot v1, https://goo.gl/fbAQLP

exports[`Main component should be contains loader if STATUS is running 1`] = `
<React.Suspense
  fallback={<Loader />}
>
  <hr
    className="split"
  />
  <Loader />
</React.Suspense>
`;
